---
- !ruby/object:Skanner::Match
  args:
    :start: ! '#include <mplshlib.h>'
    :stop: ! 'return(kv->toMapleNULL()); }'
    :repl: ! '//skip!'
- !ruby/object:Skanner::Match
  args:
    :start: ! '  char *buf;   /* Error message */'
    :add: ! '  void (*inpfn)(double, double*);'
- !ruby/object:Skanner::Match
  args:
    :start: ! 'if(S->err==-1) kv->error(S->buf);'
    :repl: ! '// Removed line'
- !ruby/object:Skanner::Match
  args:
    :start: ! 'static void inpfn(double T, double *U)'
    :stop: ! '}'
    :repl: ! '// Removed function inpfn()'
- !ruby/object:Skanner::Match
  args:
    :start: ! 'inpfn(S->w[0],u);'
    :repl: ! '  (S->inpfn)(S->w[0],u);'
- !ruby/object:Skanner::Match
  args:
    :start: ! 'EXP long M_DECL ParamDriverC(double t0, double dt, long npts, double *ic, double *p, double *out, char *errbuf, long internal)'
    :repl: ! 'EXP long ParamDriverC(double t0, void (*inpfn)(double, double*), double dt, long npts, double *ic, double *p, double *out, char *errbuf, long internal)'
- !ruby/object:Skanner::Match
  args:
    :start: ! 'S.w=w;'
    :add: ! '  S.inpfn=inpfn;'
- !ruby/object:Skanner::Match
  args:
    :start: ! 'EXP ALGEB M_DECL ParamDriver( MKernelVector kv_in, ALGEB *args )'
    :stop: ! "return(outd);"
    :repl: ! '// Removed function ParamDriver'
- !ruby/object:Skanner::Match
  args:
    :start: ! '}'
    :del: ! ''
